[svencreations.com/stomp/index-local-countdown.html]
[backblue.gif]
[fade.gif]
[index.html]
[svencreations.com/stomp/images/icons/icon-196x196.png]
[svencreations.com/stomp/images/icons/touch-icon-iphone.png]
[svencreations.com/stomp/images/icons/touch-icon-ipad.png]
[svencreations.com/stomp/images/icons/touch-icon-iphone-retina.png]
[svencreations.com/stomp/images/icons/touch-icon-ipad-retina.png]
[svencreations.com/stomp/images/local-cd-twitter.png]
[maxcdn.bootstrapcdn.com/bootstrap/3.3.7/css/bootstrap.min.css]
[maxcdn.bootstrapcdn.com/font-awesome/4.7.0/css/font-awesome.min.css]
[svencreations.com/stomp/music/stomp.mp3]
[svencreations.com/stomp/images/themeforest-dark-background.png]
[svencreations.com/stomp/images/local/stomp-logo.png]
[svencreations.com/stomp/images/local/stomp-1.jpg]
[svencreations.com/stomp/images/local/stomp-2.jpg]
[svencreations.com/stomp/images/local/stomp-3.jpg]
[svencreations.com/stomp/images/local/stomp-4.jpg]
[svencreations.com/stomp/images/sound.png]
[ajax.googleapis.com/ajax/libs/jquery/1.12.4/jquery.min.js]
[maxcdn.bootstrapcdn.com/bootstrap/3.3.7/js/bootstrap.min.js]
[svencreations.com/stomp/js/combined/page-essentials.min.js]
[svencreations.com/stomp/js/combined/html5-video.min.js]
[svencreations.com/stomp/js/combined/sven-essentials.min.js]
[svencreations.com/stomp/js/combined/stomp-motion.min.js]
[svencreations.com/stomp/js/backgrounds/bits.min.js]
[svencreations.com/stomp/js/main.min.js]
[www.google-analytics.com/analytics.js]
[svencreations.com/stomp/index-local-countdown.html]
[maxcdn.bootstrapcdn.com/bootstrap/3.3.7/css/bootstrap.min.css]
[maxcdn.bootstrapcdn.com/font-awesome/4.7.0/css/font-awesome.min.css]
[svencreations.com/stomp/css/combined/sven-essentials.min.css]
[svencreations.com/stomp/images/default-skin.png]
[svencreations.com/stomp/css/combined/page-essentials.min.css]
[svencreations.com/stomp/css/fonts/TeXGyreHeros-Bold.eot]
[svencreations.com/stomp/css/fonts/TeXGyreHeros-Boldd41d.eot]
[svencreations.com/stomp/css/fonts/TeXGyreHeros-Bold.woff2]
[svencreations.com/stomp/css/fonts/TeXGyreHeros-Bold.woff]
[svencreations.com/stomp/images/local/particles-fallback.png]
[svencreations.com/stomp/images/local/bg-laptop.jpg]
[svencreations.com/stomp/images/local/main-bg.jpg]
[svencreations.com/stomp/css/custom/index-local.css]
[svencreations.com/stomp/css/combined/bigvideo.html]
[svencreations.com/stomp/css/combined/mCSB_buttons.html]
[svencreations.com/stomp/images/default-skin.svg]
[svencreations.com/stomp/css/combined/preloader.html]
[svencreations.com/stomp/css/fonts/TeXGyreHeros-Bold.svg]
